0 verbose cli C:\Program Files\nodejs\node.exe C:\Users\Usuario01\AppData\Local\npm-cache\_npx\7c24e36c048e2b23\node_modules\npm\bin\npm-cli.js
1 info using npm@10.9.8
2 info using node@v24.14.0
3 silly config load:file:C:\Users\Usuario01\AppData\Local\npm-cache\_npx\7c24e36c048e2b23\node_modules\npm\npmrc
4 silly config load:file:c:\Users\Usuario01\TC-ERP\web\.npmrc
5 silly config load:file:C:\Users\Usuario01\.npmrc
6 silly config load:file:C:\Users\Usuario01\AppData\Roaming\npm\etc\npmrc
7 verbose title npm install
8 verbose argv "--prefix" "c:\\Users\\Usuario01\\TC-ERP\\web" "install" "--cache" "c:\\Users\\Usuario01\\TC-ERP\\web\\.npm-cache" "--no-audit" "--no-fund"
9 verbose logfile logs-max:10 dir:c:\Users\Usuario01\TC-ERP\web\.npm-cache\_logs\2026-04-28T22_12_09_324Z-
10 verbose logfile c:\Users\Usuario01\TC-ERP\web\.npm-cache\_logs\2026-04-28T22_12_09_324Z-debug-0.log
11 silly logfile done cleaning log files
12 silly packumentCache heap:4496293888 maxSize:1124073472 maxEntrySize:562036736
13 silly idealTree buildDeps
14 silly placeDep ROOT web@0.1.0 OK for: web@0.1.0 want: file:
15 silly fetch manifest enhanced-resolve@^5.19.0
16 silly packumentCache full:https://registry.npmjs.org/enhanced-resolve cache-miss
17 http cache https://registry.npmjs.org/enhanced-resolve 105ms (cache hit)
18 silly packumentCache full:https://registry.npmjs.org/enhanced-resolve set size:406072 disposed:false
19 silly fetch manifest jiti@^2.6.1
20 silly packumentCache full:https://registry.npmjs.org/jiti cache-miss
21 http cache https://registry.npmjs.org/jiti 13ms (cache hit)
22 silly packumentCache full:https://registry.npmjs.org/jiti set size:382310 disposed:false
23 silly fetch manifest lightningcss@1.32.0
24 silly packumentCache full:https://registry.npmjs.org/lightningcss cache-miss
25 http cache https://registry.npmjs.org/lightningcss 14ms (cache hit)
26 silly packumentCache full:https://registry.npmjs.org/lightningcss set size:186753 disposed:false
27 silly fetch manifest source-map-js@^1.2.1
28 silly packumentCache full:https://registry.npmjs.org/source-map-js cache-miss
29 http cache https://registry.npmjs.org/source-map-js 7ms (cache hit)
30 silly packumentCache full:https://registry.npmjs.org/source-map-js set size:62640 disposed:false
31 silly placeDep ROOT enhanced-resolve@5.21.0 OK for: @tailwindcss/node@4.2.4 want: ^5.19.0
32 verbose stack TypeError: Invalid Version: 
32 verbose stack     at new SemVer (C:\Users\Usuario01\AppData\Local\npm-cache\_npx\7c24e36c048e2b23\node_modules\npm\node_modules\semver\classes\semver.js:40:13)
32 verbose stack     at compare (C:\Users\Usuario01\AppData\Local\npm-cache\_npx\7c24e36c048e2b23\node_modules\npm\node_modules\semver\functions\compare.js:5:32)
32 verbose stack     at Object.gte (C:\Users\Usuario01\AppData\Local\npm-cache\_npx\7c24e36c048e2b23\node_modules\npm\node_modules\semver\functions\gte.js:4:30)
32 verbose stack     at Node.canDedupe (C:\Users\Usuario01\AppData\Local\npm-cache\_npx\7c24e36c048e2b23\node_modules\npm\node_modules\@npmcli\arborist\lib\node.js:1101:32)
32 verbose stack     at PlaceDep.pruneDedupable (C:\Users\Usuario01\AppData\Local\npm-cache\_npx\7c24e36c048e2b23\node_modules\npm\node_modules\@npmcli\arborist\lib\place-dep.js:426:14)
32 verbose stack     at new PlaceDep (C:\Users\Usuario01\AppData\Local\npm-cache\_npx\7c24e36c048e2b23\node_modules\npm\node_modules\@npmcli\arborist\lib\place-dep.js:278:14)
32 verbose stack     at #buildDepStep (C:\Users\Usuario01\AppData\Local\npm-cache\_npx\7c24e36c048e2b23\node_modules\npm\node_modules\@npmcli\arborist\lib\arborist\build-ideal-tree.js:920:18)
32 verbose stack     at async Arborist.buildIdealTree (C:\Users\Usuario01\AppData\Local\npm-cache\_npx\7c24e36c048e2b23\node_modules\npm\node_modules\@npmcli\arborist\lib\arborist\build-ideal-tree.js:181:7)
32 verbose stack     at async Promise.all (index 1)
32 verbose stack     at async Arborist.reify (C:\Users\Usuario01\AppData\Local\npm-cache\_npx\7c24e36c048e2b23\node_modules\npm\node_modules\@npmcli\arborist\lib\arborist\reify.js:133:5)
33 error Invalid Version: 
34 silly unfinished npm timer reify 1777414330051
35 silly unfinished npm timer reify:loadTrees 1777414330052
36 silly unfinished npm timer idealTree:buildDeps 1777414330409
37 silly unfinished npm timer idealTree:node_modules/@tailwindcss/node 1777414330438
38 verbose cwd C:\Users\Usuario01\TC-ERP\web
39 verbose os Windows_NT 10.0.26200
40 verbose node v24.14.0
41 verbose npm  v10.9.8
42 verbose exit 1
43 verbose code 1
44 error A complete log of this run can be found in: c:\Users\Usuario01\TC-ERP\web\.npm-cache\_logs\2026-04-28T22_12_09_324Z-debug-0.log
