0 verbose cli C:\Program Files\nodejs\node.exe C:\Program Files\nodejs\node_modules\npm\bin\npm-cli.js
1 info using npm@11.9.0
2 info using node@v24.14.0
3 silly config load:file:C:\Program Files\nodejs\node_modules\npm\npmrc
4 silly config load:file:c:\Users\Usuario01\TC-ERP\web\.npmrc
5 silly config load:file:C:\Users\Usuario01\.npmrc
6 silly config load:file:c:\Users\Usuario01\TC-ERP\web\etc\npmrc
7 verbose title npm ci
8 verbose argv "--prefix" "c:\\Users\\Usuario01\\TC-ERP\\web" "ci" "--cache" "c:\\Users\\Usuario01\\TC-ERP\\web\\.npm-cache" "--no-audit" "--no-fund"
9 verbose logfile logs-max:10 dir:c:\Users\Usuario01\TC-ERP\web\.npm-cache\_logs\2026-04-28T22_11_33_247Z-
10 verbose logfile c:\Users\Usuario01\TC-ERP\web\.npm-cache\_logs\2026-04-28T22_11_33_247Z-debug-0.log
11 silly logfile done cleaning log files
12 silly packumentCache heap:4496293888 maxSize:1124073472 maxEntrySize:562036736
13 silly idealTree buildDeps
14 silly fetch manifest enhanced-resolve@^5.19.0
15 silly packumentCache full:https://registry.npmjs.org/enhanced-resolve cache-miss
16 http fetch GET 200 https://registry.npmjs.org/enhanced-resolve 372ms (cache revalidated)
17 silly packumentCache full:https://registry.npmjs.org/enhanced-resolve set size:406072 disposed:false
18 silly fetch manifest jiti@^2.6.1
19 silly packumentCache full:https://registry.npmjs.org/jiti cache-miss
20 http fetch GET 200 https://registry.npmjs.org/jiti 98ms (cache revalidated)
21 silly packumentCache full:https://registry.npmjs.org/jiti set size:382310 disposed:false
22 silly fetch manifest lightningcss@1.32.0
23 silly packumentCache full:https://registry.npmjs.org/lightningcss cache-miss
24 http fetch GET 200 https://registry.npmjs.org/lightningcss 107ms (cache revalidated)
25 silly packumentCache full:https://registry.npmjs.org/lightningcss set size:186753 disposed:false
26 silly fetch manifest source-map-js@^1.2.1
27 silly packumentCache full:https://registry.npmjs.org/source-map-js cache-miss
28 http fetch GET 200 https://registry.npmjs.org/source-map-js 97ms (cache revalidated)
29 silly packumentCache full:https://registry.npmjs.org/source-map-js set size:62640 disposed:false
30 silly placeDep ROOT enhanced-resolve@5.21.0 OK for: @tailwindcss/node@4.2.4 want: ^5.19.0
31 verbose stack TypeError: Invalid Version: 
31 verbose stack     at new SemVer (C:\Program Files\nodejs\node_modules\npm\node_modules\semver\classes\semver.js:40:13)
31 verbose stack     at compare (C:\Program Files\nodejs\node_modules\npm\node_modules\semver\functions\compare.js:5:32)
31 verbose stack     at Object.eq (C:\Program Files\nodejs\node_modules\npm\node_modules\semver\functions\eq.js:4:29)
31 verbose stack     at Node.canDedupe (C:\Program Files\nodejs\node_modules\npm\node_modules\@npmcli\arborist\lib\node.js:1138:32)
31 verbose stack     at PlaceDep.pruneDedupable (C:\Program Files\nodejs\node_modules\npm\node_modules\@npmcli\arborist\lib\place-dep.js:426:14)
31 verbose stack     at new PlaceDep (C:\Program Files\nodejs\node_modules\npm\node_modules\@npmcli\arborist\lib\place-dep.js:278:14)
31 verbose stack     at #buildDepStep (C:\Program Files\nodejs\node_modules\npm\node_modules\@npmcli\arborist\lib\arborist\build-ideal-tree.js:932:18)
31 verbose stack     at async Arborist.buildIdealTree (C:\Program Files\nodejs\node_modules\npm\node_modules\@npmcli\arborist\lib\arborist\build-ideal-tree.js:170:7)
31 verbose stack     at async CI.exec (C:\Program Files\nodejs\node_modules\npm\lib\commands\ci.js:64:5)
31 verbose stack     at async Npm.exec (C:\Program Files\nodejs\node_modules\npm\lib\npm.js:208:9)
32 error Invalid Version: 
33 silly unfinished npm timer idealTree:buildDeps 1777414294288
34 silly unfinished npm timer idealTree:node_modules/@tailwindcss/node 1777414294290
35 verbose cwd C:\Users\Usuario01\TC-ERP\web
36 verbose os Windows_NT 10.0.26200
37 verbose node v24.14.0
38 verbose npm  v11.9.0
39 verbose exit 1
40 verbose code 1
41 error A complete log of this run can be found in: c:\Users\Usuario01\TC-ERP\web\.npm-cache\_logs\2026-04-28T22_11_33_247Z-debug-0.log
