0 verbose cli C:\Program Files\nodejs\node.exe C:\Program Files\nodejs\node_modules\npm\bin\npm-cli.js
1 info using npm@11.9.0
2 info using node@v24.14.0
3 silly config load:file:C:\Program Files\nodejs\node_modules\npm\npmrc
4 silly config load:file:c:\Users\Usuario01\TC-ERP\web\.npmrc
5 silly config load:file:C:\Users\Usuario01\.npmrc
6 silly config load:file:c:\Users\Usuario01\TC-ERP\web\etc\npmrc
7 verbose title npm install next@16.2.4
8 verbose argv "--prefix" "c:\\Users\\Usuario01\\TC-ERP\\web" "install" "next@16.2.4" "--no-save" "--cache" "c:\\Users\\Usuario01\\TC-ERP\\web\\.npm-cache" "--no-audit" "--no-fund"
9 verbose logfile logs-max:10 dir:c:\Users\Usuario01\TC-ERP\web\.npm-cache\_logs\2026-04-28T22_16_47_404Z-
10 verbose logfile c:\Users\Usuario01\TC-ERP\web\.npm-cache\_logs\2026-04-28T22_16_47_404Z-debug-0.log
11 silly logfile done cleaning log files
12 silly packumentCache heap:4496293888 maxSize:1124073472 maxEntrySize:562036736
13 silly idealTree buildDeps
14 silly fetch manifest next@16.2.4
15 silly packumentCache full:https://registry.npmjs.org/next cache-miss
16 verbose shrinkwrap failed to load node_modules/.package-lock.json out of date, updated: node_modules
17 http cache https://registry.npmjs.org/next 170ms (cache hit)
18 silly packumentCache full:https://registry.npmjs.org/next set size:30217715 disposed:false
19 silly fetch manifest @opentelemetry/api@^1.1.0
20 silly packumentCache full:https://registry.npmjs.org/@opentelemetry%2fapi cache-miss
21 http cache https://registry.npmjs.org/@opentelemetry%2fapi 284ms (cache hit)
22 silly packumentCache full:https://registry.npmjs.org/@opentelemetry%2fapi set size:272855 disposed:false
23 silly fetch manifest @playwright/test@^1.51.1
24 silly packumentCache full:https://registry.npmjs.org/@playwright%2ftest cache-miss
25 http cache https://registry.npmjs.org/@playwright%2ftest 52ms (cache hit)
26 silly packumentCache full:https://registry.npmjs.org/@playwright%2ftest set size:9049688 disposed:false
27 silly fetch manifest babel-plugin-react-compiler@*
28 silly packumentCache full:https://registry.npmjs.org/babel-plugin-react-compiler cache-miss
29 http cache https://registry.npmjs.org/babel-plugin-react-compiler 14ms (cache hit)
30 silly packumentCache full:https://registry.npmjs.org/babel-plugin-react-compiler set size:1343735 disposed:false
31 silly fetch manifest react@19.2.4
32 silly packumentCache full:https://registry.npmjs.org/react cache-miss
33 http cache https://registry.npmjs.org/react 34ms (cache hit)
34 silly packumentCache full:https://registry.npmjs.org/react set size:6629670 disposed:false
35 silly fetch manifest react-dom@19.2.4
36 silly packumentCache full:https://registry.npmjs.org/react-dom cache-miss
37 http cache https://registry.npmjs.org/react-dom 43ms (cache hit)
38 silly packumentCache full:https://registry.npmjs.org/react-dom set size:8832788 disposed:false
39 silly fetch manifest sass@^1.3.0
40 silly packumentCache full:https://registry.npmjs.org/sass cache-miss
41 http cache https://registry.npmjs.org/sass 13ms (cache hit)
42 silly packumentCache full:https://registry.npmjs.org/sass set size:726244 disposed:false
43 silly placeDep ROOT next@16.2.4 REPLACE for: web@0.1.0 want: 16.2.4
44 silly fetch manifest @babel/traverse@^7.28.6
45 silly packumentCache full:https://registry.npmjs.org/@babel%2ftraverse cache-miss
46 http cache https://registry.npmjs.org/@babel%2ftraverse 14ms (cache hit)
47 silly packumentCache full:https://registry.npmjs.org/@babel%2ftraverse set size:548722 disposed:false
48 silly fetch manifest @babel/types@^7.28.6
49 silly packumentCache full:https://registry.npmjs.org/@babel%2ftypes cache-miss
50 http cache https://registry.npmjs.org/@babel%2ftypes 18ms (cache hit)
51 silly packumentCache full:https://registry.npmjs.org/@babel%2ftypes set size:487885 disposed:false
52 silly placeDep node_modules/@babel/helper-module-imports @babel/traverse@7.29.0 OK for: @babel/helper-module-imports@7.28.6 want: ^7.28.6
53 silly placeDep node_modules/@babel/helper-module-imports @babel/types@7.29.0 OK for: @babel/helper-module-imports@7.28.6 want: ^7.28.6
54 silly fetch manifest @babel/types@^7.29.0
55 silly packumentCache full:https://registry.npmjs.org/@babel%2ftypes cache-hit
56 silly fetch manifest @babel/generator@^7.29.0
57 silly packumentCache full:https://registry.npmjs.org/@babel%2fgenerator cache-miss
58 http cache https://registry.npmjs.org/@babel%2fgenerator 15ms (cache hit)
59 silly packumentCache full:https://registry.npmjs.org/@babel%2fgenerator set size:507107 disposed:false
60 silly fetch manifest @babel/core@^7.0.0
61 silly packumentCache full:https://registry.npmjs.org/@babel%2fcore cache-miss
62 http cache https://registry.npmjs.org/@babel%2fcore 16ms (cache hit)
63 silly packumentCache full:https://registry.npmjs.org/@babel%2fcore set size:760113 disposed:false
64 silly placeDep ROOT @babel/core@7.29.0 REPLACE for: @babel/helper-module-transforms@7.28.6 want: ^7.0.0
65 silly placeDep ROOT @babel/traverse@7.29.0 OK for: @babel/helper-module-transforms@7.28.6 want: ^7.28.6
66 silly fetch manifest debug@^4.1.0
67 silly packumentCache full:https://registry.npmjs.org/debug cache-miss
68 silly fetch manifest json5@^2.2.3
69 silly packumentCache full:https://registry.npmjs.org/json5 cache-miss
70 silly fetch manifest semver@^6.3.1
71 silly packumentCache full:https://registry.npmjs.org/semver cache-miss
72 silly fetch manifest gensync@^1.0.0-beta.2
73 silly packumentCache full:https://registry.npmjs.org/gensync cache-miss
74 silly fetch manifest @babel/parser@^7.29.0
75 silly packumentCache full:https://registry.npmjs.org/@babel%2fparser cache-miss
76 silly fetch manifest @babel/helpers@^7.28.6
77 silly packumentCache full:https://registry.npmjs.org/@babel%2fhelpers cache-miss
78 silly fetch manifest @babel/template@^7.28.6
79 silly packumentCache full:https://registry.npmjs.org/@babel%2ftemplate cache-miss
80 http cache https://registry.npmjs.org/semver 45ms (cache hit)
81 silly packumentCache full:https://registry.npmjs.org/semver set size:229571 disposed:false
82 silly fetch manifest @babel/traverse@^7.29.0
83 silly packumentCache full:https://registry.npmjs.org/@babel%2ftraverse cache-hit
84 silly fetch manifest @babel/code-frame@^7.29.0
85 silly packumentCache full:https://registry.npmjs.org/@babel%2fcode-frame cache-miss
86 http cache https://registry.npmjs.org/debug 59ms (cache hit)
87 silly packumentCache full:https://registry.npmjs.org/debug set size:195840 disposed:false
88 silly fetch manifest convert-source-map@^2.0.0
89 silly packumentCache full:https://registry.npmjs.org/convert-source-map cache-miss
90 http cache https://registry.npmjs.org/json5 68ms (cache hit)
91 silly packumentCache full:https://registry.npmjs.org/json5 set size:86136 disposed:false
92 silly fetch manifest @jridgewell/remapping@^2.3.5
93 silly packumentCache full:https://registry.npmjs.org/@jridgewell%2fremapping cache-miss
94 http cache https://registry.npmjs.org/@babel%2fhelpers 74ms (cache hit)
95 silly packumentCache full:https://registry.npmjs.org/@babel%2fhelpers set size:388224 disposed:false
96 silly fetch manifest @babel/helper-module-transforms@^7.28.6
97 silly packumentCache full:https://registry.npmjs.org/@babel%2fhelper-module-transforms cache-miss
98 http cache https://registry.npmjs.org/gensync 87ms (cache hit)
99 silly packumentCache full:https://registry.npmjs.org/gensync set size:15068 disposed:false
100 silly fetch manifest @babel/helper-compilation-targets@^7.28.6
101 silly packumentCache full:https://registry.npmjs.org/@babel%2fhelper-compilation-targets cache-miss
102 http cache https://registry.npmjs.org/@babel%2fparser 91ms (cache hit)
103 silly packumentCache full:https://registry.npmjs.org/@babel%2fparser set size:718758 disposed:false
104 silly fetch manifest debug@^4.3.1
105 silly packumentCache full:https://registry.npmjs.org/debug cache-hit
106 silly fetch manifest @babel/template@^7.28.6
107 silly packumentCache full:https://registry.npmjs.org/@babel%2ftemplate cache-miss
108 http cache https://registry.npmjs.org/@babel%2ftemplate 100ms (cache hit)
109 silly packumentCache full:https://registry.npmjs.org/@babel%2ftemplate set size:227169 disposed:false
110 silly fetch manifest @babel/code-frame@^7.29.0
111 silly packumentCache full:https://registry.npmjs.org/@babel%2fcode-frame cache-miss
112 http cache https://registry.npmjs.org/@babel%2fcode-frame 85ms (cache hit)
113 silly packumentCache full:https://registry.npmjs.org/@babel%2fcode-frame set size:196196 disposed:false
114 silly fetch manifest @babel/helper-globals@^7.28.0
115 silly packumentCache full:https://registry.npmjs.org/@babel%2fhelper-globals cache-miss
116 http cache https://registry.npmjs.org/convert-source-map 80ms (cache hit)
117 silly packumentCache full:https://registry.npmjs.org/convert-source-map set size:66997 disposed:false
118 http cache https://registry.npmjs.org/@jridgewell%2fremapping 75ms (cache hit)
119 silly packumentCache full:https://registry.npmjs.org/@jridgewell%2fremapping set size:23809 disposed:false
120 http cache https://registry.npmjs.org/@babel%2fhelper-module-transforms 70ms (cache hit)
121 silly packumentCache full:https://registry.npmjs.org/@babel%2fhelper-module-transforms set size:333553 disposed:false
122 http cache https://registry.npmjs.org/@babel%2ftemplate 52ms (cache hit)
123 silly packumentCache full:https://registry.npmjs.org/@babel%2ftemplate set size:227169 disposed:false
124 silly packumentCache full:https://registry.npmjs.org/@babel%2ftemplate dispose
125 http cache https://registry.npmjs.org/@babel%2fcode-frame 50ms (cache hit)
126 silly packumentCache full:https://registry.npmjs.org/@babel%2fcode-frame set size:196196 disposed:false
127 silly packumentCache full:https://registry.npmjs.org/@babel%2fcode-frame dispose
128 http cache https://registry.npmjs.org/@babel%2fhelper-compilation-targets 72ms (cache hit)
129 silly packumentCache full:https://registry.npmjs.org/@babel%2fhelper-compilation-targets set size:218757 disposed:false
130 http cache https://registry.npmjs.org/@babel%2fhelper-globals 29ms (cache hit)
131 silly packumentCache full:https://registry.npmjs.org/@babel%2fhelper-globals set size:15475 disposed:false
132 silly timing Tried to end timer that doesn't exist: idealTree:#root
133 silly placeDep ROOT @babel/types@7.29.0 OK for: @babel/parser@7.29.2 want: ^7.29.0
134 silly fetch manifest @babel/helper-string-parser@^7.27.1
135 silly packumentCache full:https://registry.npmjs.org/@babel%2fhelper-string-parser cache-miss
136 silly fetch manifest @babel/helper-validator-identifier@^7.28.5
137 silly packumentCache full:https://registry.npmjs.org/@babel%2fhelper-validator-identifier cache-miss
138 http cache https://registry.npmjs.org/@babel%2fhelper-string-parser 11ms (cache hit)
139 silly packumentCache full:https://registry.npmjs.org/@babel%2fhelper-string-parser set size:82028 disposed:false
140 http cache https://registry.npmjs.org/@babel%2fhelper-validator-identifier 13ms (cache hit)
141 silly packumentCache full:https://registry.npmjs.org/@babel%2fhelper-validator-identifier set size:116299 disposed:false
142 silly placeDep ROOT @babel/helper-string-parser@7.27.1 OK for: @babel/types@7.29.0 want: ^7.27.1
143 silly placeDep ROOT @babel/helper-validator-identifier@7.28.5 OK for: @babel/types@7.29.0 want: ^7.28.5
144 silly fetch manifest @typescript-eslint/typescript-estree@8.59.1
145 silly packumentCache full:https://registry.npmjs.org/@typescript-eslint%2ftypescript-estree cache-miss
146 http cache https://registry.npmjs.org/@typescript-eslint%2ftypescript-estree 69ms (cache hit)
147 silly packumentCache full:https://registry.npmjs.org/@typescript-eslint%2ftypescript-estree set size:16295421 disposed:false
148 silly fetch manifest typescript@>=4.8.4 <6.1.0
149 silly packumentCache full:https://registry.npmjs.org/typescript cache-miss
150 http cache https://registry.npmjs.org/typescript 77ms (cache hit)
151 silly packumentCache full:https://registry.npmjs.org/typescript set size:15409943 disposed:false
152 silly fetch manifest @typescript-eslint/utils@8.59.1
153 silly packumentCache full:https://registry.npmjs.org/@typescript-eslint%2futils cache-miss
154 http cache https://registry.npmjs.org/@typescript-eslint%2futils 62ms (cache hit)
155 silly packumentCache full:https://registry.npmjs.org/@typescript-eslint%2futils set size:10049998 disposed:false
156 silly fetch manifest eslint@^8.57.0 || ^9.0.0 || ^10.0.0
157 silly packumentCache full:https://registry.npmjs.org/eslint cache-miss
158 http cache https://registry.npmjs.org/eslint 17ms (cache hit)
159 silly packumentCache full:https://registry.npmjs.org/eslint set size:1983515 disposed:false
160 silly fetch manifest jiti@*
161 silly packumentCache full:https://registry.npmjs.org/jiti cache-miss
162 http cache https://registry.npmjs.org/jiti 9ms (cache hit)
163 silly packumentCache full:https://registry.npmjs.org/jiti set size:382310 disposed:false
164 silly placeDep node_modules/@typescript-eslint/type-utils @typescript-eslint/typescript-estree@8.59.1 OK for: @typescript-eslint/type-utils@8.59.1 want: 8.59.1
165 silly placeDep node_modules/@typescript-eslint/type-utils @typescript-eslint/utils@8.59.1 OK for: @typescript-eslint/type-utils@8.59.1 want: 8.59.1
166 silly fetch manifest semver@^7.7.3
167 silly packumentCache full:https://registry.npmjs.org/semver cache-hit
168 silly fetch manifest minimatch@^10.2.2
169 silly packumentCache full:https://registry.npmjs.org/minimatch cache-miss
170 silly fetch manifest @typescript-eslint/scope-manager@8.59.1
171 silly packumentCache full:https://registry.npmjs.org/@typescript-eslint%2fscope-manager cache-miss
172 http cache https://registry.npmjs.org/minimatch 13ms (cache hit)
173 silly packumentCache full:https://registry.npmjs.org/minimatch set size:375282 disposed:false
174 http cache https://registry.npmjs.org/@typescript-eslint%2fscope-manager 63ms (cache hit)
175 silly packumentCache full:https://registry.npmjs.org/@typescript-eslint%2fscope-manager set size:12348792 disposed:false
176 silly fetch manifest es-abstract@^1.24.0
177 silly packumentCache full:https://registry.npmjs.org/es-abstract cache-miss
178 http cache https://registry.npmjs.org/es-abstract 15ms (cache hit)
179 silly packumentCache full:https://registry.npmjs.org/es-abstract set size:384124 disposed:false
180 silly placeDep node_modules/array-includes es-abstract@1.24.2 OK for: array-includes@3.1.9 want: ^1.24.0
181 silly fetch manifest object-inspect@^1.13.4
182 silly packumentCache full:https://registry.npmjs.org/object-inspect cache-miss
183 http cache https://registry.npmjs.org/object-inspect 9ms (cache hit)
184 silly packumentCache full:https://registry.npmjs.org/object-inspect set size:101912 disposed:false
185 silly fetch manifest es-abstract@^1.23.2
186 silly packumentCache full:https://registry.npmjs.org/es-abstract cache-hit
187 silly placeDep node_modules/array.prototype.findlast es-abstract@1.24.2 OK for: array.prototype.findlast@1.2.5 want: ^1.23.2
188 silly fetch manifest es-abstract@^1.23.9
189 silly packumentCache full:https://registry.npmjs.org/es-abstract cache-hit
190 silly placeDep node_modules/array.prototype.findlastindex es-abstract@1.24.2 OK for: array.prototype.findlastindex@1.2.6 want: ^1.23.9
191 silly fetch manifest es-abstract@^1.23.5
192 silly packumentCache full:https://registry.npmjs.org/es-abstract cache-hit
193 silly placeDep node_modules/array.prototype.flat es-abstract@1.24.2 OK for: array.prototype.flat@1.3.3 want: ^1.23.5
194 silly placeDep node_modules/array.prototype.flatmap es-abstract@1.24.2 OK for: array.prototype.flatmap@1.3.3 want: ^1.23.5
195 silly fetch manifest es-abstract@^1.23.3
196 silly packumentCache full:https://registry.npmjs.org/es-abstract cache-hit
197 silly placeDep node_modules/array.prototype.tosorted es-abstract@1.24.2 OK for: array.prototype.tosorted@1.1.4 want: ^1.23.3
198 silly placeDep node_modules/arraybuffer.prototype.slice es-abstract@1.24.2 OK for: arraybuffer.prototype.slice@1.0.4 want: ^1.23.5
199 silly placeDep node_modules/object.fromentries es-abstract@1.24.2 OK for: object.fromentries@2.0.8 want: ^1.23.2
200 silly placeDep node_modules/object.groupby es-abstract@1.24.2 OK for: object.groupby@1.0.3 want: ^1.23.2
201 silly placeDep node_modules/reflect.getprototypeof es-abstract@1.24.2 OK for: reflect.getprototypeof@1.0.10 want: ^1.23.9
202 silly fetch manifest object-inspect@^1.13.3
203 silly packumentCache full:https://registry.npmjs.org/object-inspect cache-hit
204 silly placeDep node_modules/side-channel object-inspect@1.13.4 OK for: side-channel@1.1.0 want: ^1.13.3
205 silly placeDep node_modules/side-channel-list object-inspect@1.13.4 OK for: side-channel-list@1.0.1 want: ^1.13.4
206 silly placeDep node_modules/side-channel-map object-inspect@1.13.4 OK for: side-channel-map@1.0.1 want: ^1.13.3
207 silly placeDep node_modules/side-channel-weakmap object-inspect@1.13.4 OK for: side-channel-weakmap@1.0.2 want: ^1.13.3
208 silly placeDep node_modules/string.prototype.includes es-abstract@1.24.2 OK for: string.prototype.includes@2.0.1 want: ^1.23.3
209 silly fetch manifest es-abstract@^1.23.6
210 silly packumentCache full:https://registry.npmjs.org/es-abstract cache-hit
211 silly placeDep node_modules/string.prototype.matchall es-abstract@1.24.2 OK for: string.prototype.matchall@4.0.12 want: ^1.23.6
212 silly fetch manifest es-abstract@^1.17.5
213 silly packumentCache full:https://registry.npmjs.org/es-abstract cache-hit
214 silly placeDep node_modules/string.prototype.repeat es-abstract@1.24.2 OK for: string.prototype.repeat@1.0.0 want: ^1.17.5
215 silly placeDep node_modules/string.prototype.trim es-abstract@1.24.2 OK for: string.prototype.trim@1.2.10 want: ^1.23.5
216 silly fetch manifest zod@^3.25.0 || ^4.0.0
217 silly packumentCache full:https://registry.npmjs.org/zod cache-miss
218 http cache https://registry.npmjs.org/zod 19ms (cache hit)
219 silly packumentCache full:https://registry.npmjs.org/zod set size:3489329 disposed:false
220 silly placeDep ROOT zod@4.3.6 REPLACE for: zod-validation-error@4.0.2 want: ^3.25.0 || ^4.0.0
221 silly placeDep node_modules/@typescript-eslint/type-utils minimatch@10.2.5 OK for: @typescript-eslint/typescript-estree@8.59.1 want: ^10.2.2
222 silly placeDep node_modules/@typescript-eslint/type-utils semver@7.7.4 OK for: @typescript-eslint/typescript-estree@8.59.1 want: ^7.7.3
223 silly fetch manifest brace-expansion@^5.0.5
224 silly packumentCache full:https://registry.npmjs.org/brace-expansion cache-miss
225 http cache https://registry.npmjs.org/brace-expansion 8ms (cache hit)
226 silly packumentCache full:https://registry.npmjs.org/brace-expansion set size:65768 disposed:false
227 silly placeDep ROOT @typescript-eslint/scope-manager@8.59.1 OK for: @typescript-eslint/utils@8.59.1 want: 8.59.1
228 silly placeDep node_modules/@typescript-eslint/type-utils brace-expansion@5.0.5 OK for: minimatch@10.2.5 want: ^5.0.5
229 silly fetch manifest balanced-match@^4.0.2
230 silly packumentCache full:https://registry.npmjs.org/balanced-match cache-miss
231 http cache https://registry.npmjs.org/balanced-match 8ms (cache hit)
232 silly packumentCache full:https://registry.npmjs.org/balanced-match set size:39082 disposed:false
233 silly placeDep node_modules/@typescript-eslint/type-utils balanced-match@4.0.4 OK for: brace-expansion@5.0.5 want: ^4.0.2
234 silly placeDep node_modules/array-includes object-inspect@1.13.4 OK for: es-abstract@1.24.2 want: ^1.13.4
235 silly placeDep node_modules/array.prototype.findlast object-inspect@1.13.4 OK for: es-abstract@1.24.2 want: ^1.13.4
236 silly placeDep node_modules/array.prototype.findlastindex object-inspect@1.13.4 OK for: es-abstract@1.24.2 want: ^1.13.4
237 silly placeDep node_modules/array.prototype.flat object-inspect@1.13.4 OK for: es-abstract@1.24.2 want: ^1.13.4
238 silly placeDep node_modules/array.prototype.flatmap object-inspect@1.13.4 OK for: es-abstract@1.24.2 want: ^1.13.4
239 silly placeDep node_modules/array.prototype.tosorted object-inspect@1.13.4 OK for: es-abstract@1.24.2 want: ^1.13.4
240 silly placeDep node_modules/arraybuffer.prototype.slice object-inspect@1.13.4 OK for: es-abstract@1.24.2 want: ^1.13.4
241 silly placeDep node_modules/object.fromentries object-inspect@1.13.4 OK for: es-abstract@1.24.2 want: ^1.13.4
242 silly placeDep node_modules/object.groupby object-inspect@1.13.4 OK for: es-abstract@1.24.2 want: ^1.13.4
243 silly placeDep node_modules/reflect.getprototypeof object-inspect@1.13.4 OK for: es-abstract@1.24.2 want: ^1.13.4
244 silly placeDep node_modules/string.prototype.includes object-inspect@1.13.4 OK for: es-abstract@1.24.2 want: ^1.13.4
245 silly placeDep node_modules/string.prototype.matchall object-inspect@1.13.4 OK for: es-abstract@1.24.2 want: ^1.13.4
246 silly placeDep node_modules/string.prototype.repeat object-inspect@1.13.4 OK for: es-abstract@1.24.2 want: ^1.13.4
247 silly placeDep node_modules/string.prototype.trim object-inspect@1.13.4 OK for: es-abstract@1.24.2 want: ^1.13.4
248 silly reify mark retired [ 'c:\\Users\\Usuario01\\TC-ERP\\web\\node_modules\\es-abstract' ]
249 silly reify mark retired [ 'c:\\Users\\Usuario01\\TC-ERP\\web\\node_modules\\object-inspect' ]
250 silly reify mark retired [ 'c:\\Users\\Usuario01\\TC-ERP\\web\\node_modules\\zod' ]
251 silly reify mark retired [ 'c:\\Users\\Usuario01\\TC-ERP\\web\\node_modules\\@babel\\core' ]
252 silly reify mark retired [ 'c:\\Users\\Usuario01\\TC-ERP\\web\\node_modules\\@babel\\traverse' ]
253 silly reify mark retired [ 'c:\\Users\\Usuario01\\TC-ERP\\web\\node_modules\\@babel\\types' ]
254 silly reify mark retired [
254 silly reify   'c:\\Users\\Usuario01\\TC-ERP\\web\\node_modules\\@typescript-eslint\\typescript-estree'
254 silly reify ]
255 silly reify mark retired [
255 silly reify   'c:\\Users\\Usuario01\\TC-ERP\\web\\node_modules\\@typescript-eslint\\utils'
255 silly reify ]
256 silly reify mark retired [
256 silly reify   'c:\\Users\\Usuario01\\TC-ERP\\web\\node_modules\\browserslist',
256 silly reify   'c:\\Users\\Usuario01\\TC-ERP\\web\\node_modules\\.bin\\browserslist',
256 silly reify   'c:\\Users\\Usuario01\\TC-ERP\\web\\node_modules\\.bin\\browserslist.cmd',
256 silly reify   'c:\\Users\\Usuario01\\TC-ERP\\web\\node_modules\\.bin\\browserslist.ps1'
256 silly reify ]
257 silly reify mark retired [
257 silly reify   'c:\\Users\\Usuario01\\TC-ERP\\web\\node_modules\\convert-source-map'
257 silly reify ]
258 silly reify mark retired [
258 silly reify   'c:\\Users\\Usuario01\\TC-ERP\\web\\node_modules\\electron-to-chromium'
258 silly reify ]
259 silly reify mark retired [ 'c:\\Users\\Usuario01\\TC-ERP\\web\\node_modules\\escalade' ]
260 silly reify mark retired [
260 silly reify   'c:\\Users\\Usuario01\\TC-ERP\\web\\node_modules\\eslint-config-next\\node_modules\\zod'
260 silly reify ]
261 silly reify mark retired [
261 silly reify   'c:\\Users\\Usuario01\\TC-ERP\\web\\node_modules\\eslint-config-next\\node_modules\\@babel\\helpers'
261 silly reify ]
262 silly reify mark retired [
262 silly reify   'c:\\Users\\Usuario01\\TC-ERP\\web\\node_modules\\eslint-config-next\\node_modules\\@babel\\generator'
262 silly reify ]
263 silly reify mark retired [
263 silly reify   'c:\\Users\\Usuario01\\TC-ERP\\web\\node_modules\\eslint-config-next\\node_modules\\@babel\\types'
263 silly reify ]
264 silly reify mark retired [
264 silly reify   'c:\\Users\\Usuario01\\TC-ERP\\web\\node_modules\\eslint-config-next\\node_modules\\@babel\\core'
264 silly reify ]
265 silly reify mark retired [
265 silly reify   'c:\\Users\\Usuario01\\TC-ERP\\web\\node_modules\\eslint-config-next\\node_modules\\@babel\\traverse'
265 silly reify ]
266 silly reify mark retired [ 'c:\\Users\\Usuario01\\TC-ERP\\web\\node_modules\\gensync' ]
267 silly reify mark retired [
267 silly reify   'c:\\Users\\Usuario01\\TC-ERP\\web\\node_modules\\jsesc',
267 silly reify   'c:\\Users\\Usuario01\\TC-ERP\\web\\node_modules\\.bin\\jsesc',
267 silly reify   'c:\\Users\\Usuario01\\TC-ERP\\web\\node_modules\\.bin\\jsesc.cmd',
267 silly reify   'c:\\Users\\Usuario01\\TC-ERP\\web\\node_modules\\.bin\\jsesc.ps1'
267 silly reify ]
268 silly reify mark retired [
268 silly reify   'c:\\Users\\Usuario01\\TC-ERP\\web\\node_modules\\json5',
268 silly reify   'c:\\Users\\Usuario01\\TC-ERP\\web\\node_modules\\.bin\\json5',
268 silly reify   'c:\\Users\\Usuario01\\TC-ERP\\web\\node_modules\\.bin\\json5.cmd',
268 silly reify   'c:\\Users\\Usuario01\\TC-ERP\\web\\node_modules\\.bin\\json5.ps1'
268 silly reify ]
269 silly reify mark retired [ 'c:\\Users\\Usuario01\\TC-ERP\\web\\node_modules\\lru-cache' ]
270 silly reify mark retired [ 'c:\\Users\\Usuario01\\TC-ERP\\web\\node_modules\\node-releases' ]
271 silly reify mark retired [
271 silly reify   'c:\\Users\\Usuario01\\TC-ERP\\web\\node_modules\\typescript-eslint\\node_modules\\@typescript-eslint\\scope-manager'
271 silly reify ]
272 silly reify mark retired [
272 silly reify   'c:\\Users\\Usuario01\\TC-ERP\\web\\node_modules\\update-browserslist-db',
272 silly reify   'c:\\Users\\Usuario01\\TC-ERP\\web\\node_modules\\.bin\\update-browserslist-db',
272 silly reify   'c:\\Users\\Usuario01\\TC-ERP\\web\\node_modules\\.bin\\update-browserslist-db.cmd',
272 silly reify   'c:\\Users\\Usuario01\\TC-ERP\\web\\node_modules\\.bin\\update-browserslist-db.ps1'
272 silly reify ]
273 silly reify mark retired [ 'c:\\Users\\Usuario01\\TC-ERP\\web\\node_modules\\yallist' ]
274 silly reify mark retired [
274 silly reify   'c:\\Users\\Usuario01\\TC-ERP\\web\\node_modules\\@babel\\code-frame'
274 silly reify ]
275 silly reify mark retired [
275 silly reify   'c:\\Users\\Usuario01\\TC-ERP\\web\\node_modules\\@babel\\compat-data'
275 silly reify ]
276 silly reify mark retired [
276 silly reify   'c:\\Users\\Usuario01\\TC-ERP\\web\\node_modules\\@babel\\helper-compilation-targets'
276 silly reify ]
277 silly reify mark retired [
277 silly reify   'c:\\Users\\Usuario01\\TC-ERP\\web\\node_modules\\@babel\\helper-globals'
277 silly reify ]
278 silly reify mark retired [
278 silly reify   'c:\\Users\\Usuario01\\TC-ERP\\web\\node_modules\\@babel\\helper-module-imports'
278 silly reify ]
279 silly reify mark retired [
279 silly reify   'c:\\Users\\Usuario01\\TC-ERP\\web\\node_modules\\@babel\\helper-module-transforms'
279 silly reify ]
280 silly reify mark retired [
280 silly reify   'c:\\Users\\Usuario01\\TC-ERP\\web\\node_modules\\@babel\\helper-string-parser'
280 silly reify ]
281 silly reify mark retired [
281 silly reify   'c:\\Users\\Usuario01\\TC-ERP\\web\\node_modules\\@babel\\helper-validator-identifier'
281 silly reify ]
282 silly reify mark retired [
282 silly reify   'c:\\Users\\Usuario01\\TC-ERP\\web\\node_modules\\@babel\\helper-validator-option'
282 silly reify ]
283 silly reify mark retired [ 'c:\\Users\\Usuario01\\TC-ERP\\web\\node_modules\\@babel\\template' ]
284 silly reify mark retired [
284 silly reify   'c:\\Users\\Usuario01\\TC-ERP\\web\\node_modules\\@typescript-eslint\\parser\\node_modules\\@typescript-eslint\\scope-manager'
284 silly reify ]
285 silly reify moves {
285 silly reify   'c:\\Users\\Usuario01\\TC-ERP\\web\\node_modules\\es-abstract': 'c:\\Users\\Usuario01\\TC-ERP\\web\\node_modules\\.es-abstract-OSIlVIbM',
285 silly reify   'c:\\Users\\Usuario01\\TC-ERP\\web\\node_modules\\object-inspect': 'c:\\Users\\Usuario01\\TC-ERP\\web\\node_modules\\.object-inspect-Pw7DyCxt',
285 silly reify   'c:\\Users\\Usuario01\\TC-ERP\\web\\node_modules\\zod': 'c:\\Users\\Usuario01\\TC-ERP\\web\\node_modules\\.zod-QklPecb6',
285 silly reify   'c:\\Users\\Usuario01\\TC-ERP\\web\\node_modules\\@babel\\core': 'c:\\Users\\Usuario01\\TC-ERP\\web\\node_modules\\@babel\\.core-fhfcsdT7',
285 silly reify   'c:\\Users\\Usuario01\\TC-ERP\\web\\node_modules\\@babel\\traverse': 'c:\\Users\\Usuario01\\TC-ERP\\web\\node_modules\\@babel\\.traverse-dRCOsxdN',
285 silly reify   'c:\\Users\\Usuario01\\TC-ERP\\web\\node_modules\\@babel\\types': 'c:\\Users\\Usuario01\\TC-ERP\\web\\node_modules\\@babel\\.types-jUfBjzyS',
285 silly reify   'c:\\Users\\Usuario01\\TC-ERP\\web\\node_modules\\@typescript-eslint\\typescript-estree': 'c:\\Users\\Usuario01\\TC-ERP\\web\\node_modules\\@typescript-eslint\\.typescript-estree-u9df6GDH',
285 silly reify   'c:\\Users\\Usuario01\\TC-ERP\\web\\node_modules\\@typescript-eslint\\utils': 'c:\\Users\\Usuario01\\TC-ERP\\web\\node_modules\\@typescript-eslint\\.utils-RwKop5Ro',
285 silly reify   'c:\\Users\\Usuario01\\TC-ERP\\web\\node_modules\\browserslist': 'c:\\Users\\Usuario01\\TC-ERP\\web\\node_modules\\.browserslist-AF8sdevP',
285 silly reify   'c:\\Users\\Usuario01\\TC-ERP\\web\\node_modules\\.bin\\browserslist': 'c:\\Users\\Usuario01\\TC-ERP\\web\\node_modules\\.bin\\.browserslist-5xsShc5I',
285 silly reify   'c:\\Users\\Usuario01\\TC-ERP\\web\\node_modules\\.bin\\browserslist.cmd': 'c:\\Users\\Usuario01\\TC-ERP\\web\\node_modules\\.bin\\.browserslist.cmd-CK09rtBT',
285 silly reify   'c:\\Users\\Usuario01\\TC-ERP\\web\\node_modules\\.bin\\browserslist.ps1': 'c:\\Users\\Usuario01\\TC-ERP\\web\\node_modules\\.bin\\.browserslist.ps1-CVLy0TnQ',
285 silly reify   'c:\\Users\\Usuario01\\TC-ERP\\web\\node_modules\\convert-source-map': 'c:\\Users\\Usuario01\\TC-ERP\\web\\node_modules\\.convert-source-map-B9KX7kti',
285 silly reify   'c:\\Users\\Usuario01\\TC-ERP\\web\\node_modules\\electron-to-chromium': 'c:\\Users\\Usuario01\\TC-ERP\\web\\node_modules\\.electron-to-chromium-EERgfoVE',
285 silly reify   'c:\\Users\\Usuario01\\TC-ERP\\web\\node_modules\\escalade': 'c:\\Users\\Usuario01\\TC-ERP\\web\\node_modules\\.escalade-FTnghAw8',
285 silly reify   'c:\\Users\\Usuario01\\TC-ERP\\web\\node_modules\\eslint-config-next\\node_modules\\zod': 'c:\\Users\\Usuario01\\TC-ERP\\web\\node_modules\\eslint-config-next\\node_modules\\.zod-8TgRQIQ3',
285 silly reify   'c:\\Users\\Usuario01\\TC-ERP\\web\\node_modules\\eslint-config-next\\node_modules\\@babel\\helpers': 'c:\\Users\\Usuario01\\TC-ERP\\web\\node_modules\\eslint-config-next\\node_modules\\@babel\\.helpers-AVeI9e0B',
285 silly reify   'c:\\Users\\Usuario01\\TC-ERP\\web\\node_modules\\eslint-config-next\\node_modules\\@babel\\generator': 'c:\\Users\\Usuario01\\TC-ERP\\web\\node_modules\\eslint-config-next\\node_modules\\@babel\\.generator-lMuBBRWg',
285 silly reify   'c:\\Users\\Usuario01\\TC-ERP\\web\\node_modules\\eslint-config-next\\node_modules\\@babel\\types': 'c:\\Users\\Usuario01\\TC-ERP\\web\\node_modules\\eslint-config-next\\node_modules\\@babel\\.types-9EPhs8MB',
285 silly reify   'c:\\Users\\Usuario01\\TC-ERP\\web\\node_modules\\eslint-config-next\\node_modules\\@babel\\core': 'c:\\Users\\Usuario01\\TC-ERP\\web\\node_modules\\eslint-config-next\\node_modules\\@babel\\.core-c5Am4PwW',
285 silly reify   'c:\\Users\\Usuario01\\TC-ERP\\web\\node_modules\\eslint-config-next\\node_modules\\@babel\\traverse': 'c:\\Users\\Usuario01\\TC-ERP\\web\\node_modules\\eslint-config-next\\node_modules\\@babel\\.traverse-X51NCdT1',
285 silly reify   'c:\\Users\\Usuario01\\TC-ERP\\web\\node_modules\\gensync': 'c:\\Users\\Usuario01\\TC-ERP\\web\\node_modules\\.gensync-YoYgPvLm',
285 silly reify   'c:\\Users\\Usuario01\\TC-ERP\\web\\node_modules\\jsesc': 'c:\\Users\\Usuario01\\TC-ERP\\web\\node_modules\\.jsesc-C4scIEth',
285 silly reify   'c:\\Users\\Usuario01\\TC-ERP\\web\\node_modules\\.bin\\jsesc': 'c:\\Users\\Usuario01\\TC-ERP\\web\\node_modules\\.bin\\.jsesc-w64eE5te',
285 silly reify   'c:\\Users\\Usuario01\\TC-ERP\\web\\node_modules\\.bin\\jsesc.cmd': 'c:\\Users\\Usuario01\\TC-ERP\\web\\node_modules\\.bin\\.jsesc.cmd-suotdlN7',
285 silly reify   'c:\\Users\\Usuario01\\TC-ERP\\web\\node_modules\\.bin\\jsesc.ps1': 'c:\\Users\\Usuario01\\TC-ERP\\web\\node_modules\\.bin\\.jsesc.ps1-Cny602LL',
285 silly reify   'c:\\Users\\Usuario01\\TC-ERP\\web\\node_modules\\json5': 'c:\\Users\\Usuario01\\TC-ERP\\web\\node_modules\\.json5-1iK7dakb',
285 silly reify   'c:\\Users\\Usuario01\\TC-ERP\\web\\node_modules\\.bin\\json5': 'c:\\Users\\Usuario01\\TC-ERP\\web\\node_modules\\.bin\\.json5-05nyjAEh',
285 silly reify   'c:\\Users\\Usuario01\\TC-ERP\\web\\node_modules\\.bin\\json5.cmd': 'c:\\Users\\Usuario01\\TC-ERP\\web\\node_modules\\.bin\\.json5.cmd-hxCrufPV',
285 silly reify   'c:\\Users\\Usuario01\\TC-ERP\\web\\node_modules\\.bin\\json5.ps1': 'c:\\Users\\Usuario01\\TC-ERP\\web\\node_modules\\.bin\\.json5.ps1-ObQfbIuD',
285 silly reify   'c:\\Users\\Usuario01\\TC-ERP\\web\\node_modules\\lru-cache': 'c:\\Users\\Usuario01\\TC-ERP\\web\\node_modules\\.lru-cache-FEx8ULmd',
285 silly reify   'c:\\Users\\Usuario01\\TC-ERP\\web\\node_modules\\node-releases': 'c:\\Users\\Usuario01\\TC-ERP\\web\\node_modules\\.node-releases-JmzjidDm',
285 silly reify   'c:\\Users\\Usuario01\\TC-ERP\\web\\node_modules\\typescript-eslint\\node_modules\\@typescript-eslint\\scope-manager': 'c:\\Users\\Usuario01\\TC-ERP\\web\\node_modules\\typescript-eslint\\node_modules\\@typescript-eslint\\.scope-manager-0vHCZSM5',
285 silly reify   'c:\\Users\\Usuario01\\TC-ERP\\web\\node_modules\\update-browserslist-db': 'c:\\Users\\Usuario01\\TC-ERP\\web\\node_modules\\.update-browserslist-db-nDMjNKXZ',
285 silly reify   'c:\\Users\\Usuario01\\TC-ERP\\web\\node_modules\\.bin\\update-browserslist-db': 'c:\\Users\\Usuario01\\TC-ERP\\web\\node_modules\\.bin\\.update-browserslist-db-RWvQmGzn',
285 silly reify   'c:\\Users\\Usuario01\\TC-ERP\\web\\node_modules\\.bin\\update-browserslist-db.cmd': 'c:\\Users\\Usuario01\\TC-ERP\\web\\node_modules\\.bin\\.update-browserslist-db.cmd-T4I8WYrw',
285 silly reify   'c:\\Users\\Usuario01\\TC-ERP\\web\\node_modules\\.bin\\update-browserslist-db.ps1': 'c:\\Users\\Usuario01\\TC-ERP\\web\\node_modules\\.bin\\.update-browserslist-db.ps1-Faq2RbAF',
285 silly reify   'c:\\Users\\Usuario01\\TC-ERP\\web\\node_modules\\yallist': 'c:\\Users\\Usuario01\\TC-ERP\\web\\node_modules\\.yallist-1rWCi0T8',
285 silly reify   'c:\\Users\\Usuario01\\TC-ERP\\web\\node_modules\\@babel\\code-frame': 'c:\\Users\\Usuario01\\TC-ERP\\web\\node_modules\\@babel\\.code-frame-WNxZGybt',
285 silly reify   'c:\\Users\\Usuario01\\TC-ERP\\web\\node_modules\\@babel\\compat-data': 'c:\\Users\\Usuario01\\TC-ERP\\web\\node_modules\\@babel\\.compat-data-VTGHfX0u',
285 silly reify   'c:\\Users\\Usuario01\\TC-ERP\\web\\node_modules\\@babel\\helper-compilation-targets': 'c:\\Users\\Usuario01\\TC-ERP\\web\\node_modules\\@babel\\.helper-compilation-targets-N3YKPVac',
285 silly reify   'c:\\Users\\Usuario01\\TC-ERP\\web\\node_modules\\@babel\\helper-globals': 'c:\\Users\\Usuario01\\TC-ERP\\web\\node_modules\\@babel\\.helper-globals-bO6HG6y1',
285 silly reify   'c:\\Users\\Usuario01\\TC-ERP\\web\\node_modules\\@babel\\helper-module-imports': 'c:\\Users\\Usuario01\\TC-ERP\\web\\node_modules\\@babel\\.helper-module-imports-hyhQu9Pr',
285 silly reify   'c:\\Users\\Usuario01\\TC-ERP\\web\\node_modules\\@babel\\helper-module-transforms': 'c:\\Users\\Usuario01\\TC-ERP\\web\\node_modules\\@babel\\.helper-module-transforms-0iI5KaLZ',
285 silly reify   'c:\\Users\\Usuario01\\TC-ERP\\web\\node_modules\\@babel\\helper-string-parser': 'c:\\Users\\Usuario01\\TC-ERP\\web\\node_modules\\@babel\\.helper-string-parser-ZRFT1WmI',
285 silly reify   'c:\\Users\\Usuario01\\TC-ERP\\web\\node_modules\\@babel\\helper-validator-identifier': 'c:\\Users\\Usuario01\\TC-ERP\\web\\node_modules\\@babel\\.helper-validator-identifier-UM5iTWm2',
285 silly reify   'c:\\Users\\Usuario01\\TC-ERP\\web\\node_modules\\@babel\\helper-validator-option': 'c:\\Users\\Usuario01\\TC-ERP\\web\\node_modules\\@babel\\.helper-validator-option-nFZYwg4d',
285 silly reify   'c:\\Users\\Usuario01\\TC-ERP\\web\\node_modules\\@babel\\template': 'c:\\Users\\Usuario01\\TC-ERP\\web\\node_modules\\@babel\\.template-1qvUh9UZ',
285 silly reify   'c:\\Users\\Usuario01\\TC-ERP\\web\\node_modules\\@typescript-eslint\\parser\\node_modules\\@typescript-eslint\\scope-manager': 'c:\\Users\\Usuario01\\TC-ERP\\web\\node_modules\\@typescript-eslint\\parser\\node_modules\\@typescript-eslint\\.scope-manager-3Wx08xBW'
285 silly reify }
286 http cache next@https://registry.npmjs.org/next/-/next-16.2.4.tgz 0ms (cache hit)
287 http cache zod@https://registry.npmjs.org/zod/-/zod-4.3.6.tgz 0ms (cache hit)
288 http cache @typescript-eslint/scope-manager@https://registry.npmjs.org/@typescript-eslint/scope-manager/-/scope-manager-8.59.1.tgz 0ms (cache hit)
289 http cache @babel/helper-validator-identifier@https://registry.npmjs.org/@babel/helper-validator-identifier/-/helper-validator-identifier-7.28.5.tgz 0ms (cache hit)
290 http cache @babel/helper-string-parser@https://registry.npmjs.org/@babel/helper-string-parser/-/helper-string-parser-7.27.1.tgz 0ms (cache hit)
291 http cache postcss@https://registry.npmjs.org/postcss/-/postcss-8.4.31.tgz 1ms (cache hit)
292 http cache @babel/types@https://registry.npmjs.org/@babel/types/-/types-7.29.0.tgz 0ms (cache hit)
293 http cache brace-expansion@https://registry.npmjs.org/brace-expansion/-/brace-expansion-5.0.5.tgz 0ms (cache hit)
294 http cache balanced-match@https://registry.npmjs.org/balanced-match/-/balanced-match-4.0.4.tgz 0ms (cache hit)
295 http cache minimatch@https://registry.npmjs.org/minimatch/-/minimatch-10.2.5.tgz 0ms (cache hit)
296 http cache @typescript-eslint/typescript-estree@https://registry.npmjs.org/@typescript-eslint/typescript-estree/-/typescript-estree-8.59.1.tgz 0ms (cache hit)
297 http cache semver@https://registry.npmjs.org/semver/-/semver-7.7.4.tgz 0ms (cache hit)
298 http cache @typescript-eslint/utils@https://registry.npmjs.org/@typescript-eslint/utils/-/utils-8.59.1.tgz 0ms (cache hit)
299 http cache object-inspect@https://registry.npmjs.org/object-inspect/-/object-inspect-1.13.4.tgz 0ms (cache hit)
300 http cache object-inspect@https://registry.npmjs.org/object-inspect/-/object-inspect-1.13.4.tgz 0ms (cache hit)
301 http cache es-abstract@https://registry.npmjs.org/es-abstract/-/es-abstract-1.24.2.tgz 0ms (cache hit)
302 http cache es-abstract@https://registry.npmjs.org/es-abstract/-/es-abstract-1.24.2.tgz 0ms (cache hit)
303 http cache object-inspect@https://registry.npmjs.org/object-inspect/-/object-inspect-1.13.4.tgz 0ms (cache hit)
304 http cache object-inspect@https://registry.npmjs.org/object-inspect/-/object-inspect-1.13.4.tgz 0ms (cache hit)
305 http cache object-inspect@https://registry.npmjs.org/object-inspect/-/object-inspect-1.13.4.tgz 0ms (cache hit)
306 http cache es-abstract@https://registry.npmjs.org/es-abstract/-/es-abstract-1.24.2.tgz 0ms (cache hit)
307 http cache object-inspect@https://registry.npmjs.org/object-inspect/-/object-inspect-1.13.4.tgz 0ms (cache hit)
308 http cache es-abstract@https://registry.npmjs.org/es-abstract/-/es-abstract-1.24.2.tgz 0ms (cache hit)
309 http cache object-inspect@https://registry.npmjs.org/object-inspect/-/object-inspect-1.13.4.tgz 0ms (cache hit)
310 http cache es-abstract@https://registry.npmjs.org/es-abstract/-/es-abstract-1.24.2.tgz 0ms (cache hit)
311 http cache object-inspect@https://registry.npmjs.org/object-inspect/-/object-inspect-1.13.4.tgz 0ms (cache hit)
312 http cache object-inspect@https://registry.npmjs.org/object-inspect/-/object-inspect-1.13.4.tgz 0ms (cache hit)
313 http cache es-abstract@https://registry.npmjs.org/es-abstract/-/es-abstract-1.24.2.tgz 0ms (cache hit)
314 http cache object-inspect@https://registry.npmjs.org/object-inspect/-/object-inspect-1.13.4.tgz 0ms (cache hit)
315 http cache object-inspect@https://registry.npmjs.org/object-inspect/-/object-inspect-1.13.4.tgz 0ms (cache hit)
316 http cache es-abstract@https://registry.npmjs.org/es-abstract/-/es-abstract-1.24.2.tgz 0ms (cache hit)
317 http cache es-abstract@https://registry.npmjs.org/es-abstract/-/es-abstract-1.24.2.tgz 0ms (cache hit)
318 http cache object-inspect@https://registry.npmjs.org/object-inspect/-/object-inspect-1.13.4.tgz 0ms (cache hit)
319 http cache object-inspect@https://registry.npmjs.org/object-inspect/-/object-inspect-1.13.4.tgz 0ms (cache hit)
320 http cache object-inspect@https://registry.npmjs.org/object-inspect/-/object-inspect-1.13.4.tgz 0ms (cache hit)
321 http cache es-abstract@https://registry.npmjs.org/es-abstract/-/es-abstract-1.24.2.tgz 0ms (cache hit)
322 http cache es-abstract@https://registry.npmjs.org/es-abstract/-/es-abstract-1.24.2.tgz 0ms (cache hit)
323 http cache es-abstract@https://registry.npmjs.org/es-abstract/-/es-abstract-1.24.2.tgz 0ms (cache hit)
324 http cache es-abstract@https://registry.npmjs.org/es-abstract/-/es-abstract-1.24.2.tgz 0ms (cache hit)
325 http cache object-inspect@https://registry.npmjs.org/object-inspect/-/object-inspect-1.13.4.tgz 0ms (cache hit)
326 http cache object-inspect@https://registry.npmjs.org/object-inspect/-/object-inspect-1.13.4.tgz 0ms (cache hit)
327 http cache object-inspect@https://registry.npmjs.org/object-inspect/-/object-inspect-1.13.4.tgz 0ms (cache hit)
328 http cache es-abstract@https://registry.npmjs.org/es-abstract/-/es-abstract-1.24.2.tgz 0ms (cache hit)
329 http cache object-inspect@https://registry.npmjs.org/object-inspect/-/object-inspect-1.13.4.tgz 0ms (cache hit)
330 silly tarball no local data for next@https://registry.npmjs.org/next/-/next-16.2.4.tgz. Extracting by manifest.
331 http cache es-abstract@https://registry.npmjs.org/es-abstract/-/es-abstract-1.24.2.tgz 0ms (cache hit)
332 http fetch GET 200 https://registry.npmjs.org/next/-/next-16.2.4.tgz 124659ms (cache miss)
333 warn cleanup Failed to remove some directories [
333 warn cleanup   [
333 warn cleanup     'c:\\Users\\Usuario01\\TC-ERP\\web\\node_modules\\zod',
333 warn cleanup     [Error: EPERM: operation not permitted, rmdir 'c:\Users\Usuario01\TC-ERP\web\node_modules\zod\src\v4\core'] {
333 warn cleanup       errno: -4048,
333 warn cleanup       code: 'EPERM',
333 warn cleanup       syscall: 'rmdir',
333 warn cleanup       path: 'c:\\Users\\Usuario01\\TC-ERP\\web\\node_modules\\zod\\src\\v4\\core'
333 warn cleanup     }
333 warn cleanup   ]
333 warn cleanup ]
334 verbose stack Error: process terminated
334 verbose stack     at C:\Program Files\nodejs\node_modules\npm\node_modules\@npmcli\arborist\lib\arborist\reify.js:278:39
334 verbose stack     at process.<anonymous> (C:\Program Files\nodejs\node_modules\npm\node_modules\@npmcli\arborist\lib\signal-handling.js:53:5)
334 verbose stack     at process.emit (node:events:508:28)
335 error process terminated
336 error signal SIGINT
337 silly unfinished npm timer reify 1777414608672
338 silly unfinished npm timer idealTree:node_modules/@babel/helper-module-transforms 1777414610541
339 verbose cwd C:\Users\Usuario01\TC-ERP
340 verbose os Windows_NT 10.0.26200
341 verbose node v24.14.0
342 verbose npm  v11.9.0
343 verbose exit 1
344 verbose code 1
345 error A complete log of this run can be found in: c:\Users\Usuario01\TC-ERP\web\.npm-cache\_logs\2026-04-28T22_16_47_404Z-debug-0.log
